// Jest Snapshot v1, https://goo.gl/fbAQLP

exports[`ForecastDetails renders correctly 1`] = `
<DocumentFragment>
  <div
    class="forecast-details"
  >
    <div
      class="forecast-details__date"
    >
      Thu 1st Jan
    </div>
    <div
      class="forecast-details__temperature"
    >
      Max temp: 22°C
    </div>
    <div
      class="forecast-details__temperature"
    >
      Min temp: 12°C
    </div>
    <div
      class="forecast-details__humidity"
    >
      Humidity: 100%
    </div>
    <div
      class="forecast-details__windspeed"
    >
      Wind Speed: 100mph
    </div>
    <div
      class="forecast-details__winddirection"
    >
      Wind Direction: NW
    </div>
  </div>
</DocumentFragment>
`;
